// Jest Snapshot v1, https://goo.gl/fbAQLP

exports[`With Snapshot Testing ProductDetail snapshot 1`] = `
<div
  className="undefined text-center"
>
  <main>
    <h1
      className="leading-10 text-3xl my-4"
    >
      Product title
    </h1>
    <article
      className="undefined"
    >
      <ul>
        <li>
          Image 1
        </li>
        <li>
          Image 2
        </li>
        <li>
          Image 3
        </li>
      </ul>
      <section>
        <h2>
          Price
        </h2>
        <h5>
          Special offer
        </h5>
        <h5>
          Special offer
        </h5>
      </section>
      <section>
        <h3>
          Product Information
        </h3>
        <p>
          bla bla
        </p>
      </section>
    </article>
  </main>
</div>
`;
