// Jest Snapshot v1, https://goo.gl/fbAQLP

exports[`With Snapshot Testing ProductDetail snapshot 1`] = `
<div
  className="undefined text-center"
>
  <main>
    <div
      className="flex"
    >
      <a
        href="/"
        onClick={[Function]}
        onMouseEnter={[Function]}
      >
        « Back
      </a>
      <h1
        className="leading-10 text-3xl my-4"
      />
    </div>
    <article>
      <ul
        className="container mx-auto flex undefined"
      />
      <section>
        <h2>
          £
        </h2>
        <h5>
          Special offer
        </h5>
        <h5>
          Special offer
        </h5>
      </section>
      <section>
        <h3>
          Product Information
        </h3>
        <p>
          bla bla
        </p>
      </section>
    </article>
  </main>
</div>
`;
